// Jest Snapshot v1, https://goo.gl/fbAQLP

exports[`<App /> Match Snapshot 1`] = `
<div
  className="App"
>
  <div>
    Loading
  </div>
</div>
`;
